// Vitest Snapshot v1, https://vitest.dev/guide/snapshot.html

exports[`runCalculationEngine — golden snapshot regression > BANK NIFTY, live data, 5 days to expiry, elevated IV (near-expiry regime) 1`] = `
{
  "lowerScenario": {
    "calculatedSpot": 49881.382789427946,
    "ce": [
      {
        "appliedTheta": -0,
        "appliedVega": 0,
        "calculatedPremium": 172.6732120059096,
        "calculatedSpot": 49881.382789427946,
        "currentGreeks": {
          "delta": 0.58,
          "gamma": 0.0003,
          "theta": -30,
          "vega": 45,
        },
        "currentIV": 24.616819044947622,
        "currentPremium": 680,
        "currentSpot": 51230.5,
        "deltaContribution": -746.3769084490458,
        "difference": -507.3267879940904,
        "extrinsicValueContribution": 172.6732120059096,
        "formula": "680.00 (current CE premium) − 746.38 (Delta × -1349.12 spot change) + 243.78 (½ × Gamma × spot change²) + 0.00 (Theta × elapsed days) + 0.00 (Vega × ΔIV) − 4.73 (full repricing adjustment — Black-Scholes reval vs. Delta+Gamma attribution) = 172.67",
        "gammaContribution": 243.775935183877,
        "intrinsicValueContribution": 0,
        "ivContribution": 0,
        "modelUsed": "black-scholes-merton",
        "optionType": "CE",
        "pricingMode": "snapshot",
        "scenario": "lower",
        "spotDifference": -1349.1172105720543,
        "strike": 51100,
        "thetaContribution": -0,
        "timeToExpiryDays": 5,
        "vegaContribution": 0,
      },
      {
        "appliedTheta": -0,
        "appliedVega": 0,
        "calculatedPremium": 144.89632472290214,
        "calculatedSpot": 49881.382789427946,
        "currentGreeks": {
          "delta": 0.51,
          "gamma": 0.00033,
          "theta": -33,
          "vega": 48,
        },
        "currentIV": 24.105021834373474,
        "currentPremium": 615,
        "currentSpot": 51230.5,
        "deltaContribution": -710.4717995455796,
        "difference": -470.10367527709786,
        "extrinsicValueContribution": 144.89632472290214,
        "formula": "615.00 (current CE premium) − 710.47 (Delta × -1349.12 spot change) + 250.63 (½ × Gamma × spot change²) + 0.00 (Theta × elapsed days) + 0.00 (Vega × ΔIV) − 10.26 (full repricing adjustment — Black-Scholes reval vs. Delta+Gamma attribution) = 144.90",
        "gammaContribution": 250.6319858359797,
        "intrinsicValueContribution": 0,
        "ivContribution": 0,
        "modelUsed": "black-scholes-merton",
        "optionType": "CE",
        "pricingMode": "snapshot",
        "scenario": "lower",
        "spotDifference": -1349.1172105720543,
        "strike": 51200,
        "thetaContribution": -0,
        "timeToExpiryDays": 5,
        "vegaContribution": 0,
      },
      {
        "appliedTheta": -0,
        "appliedVega": 0,
        "calculatedPremium": 121.50428102976366,
        "calculatedSpot": 49881.382789427946,
        "currentGreeks": {
          "delta": 0.44,
          "gamma": 0.00032,
          "theta": -31,
          "vega": 47,
        },
        "currentIV": 23.69164945632219,
        "currentPremium": 555,
        "currentSpot": 51230.5,
        "deltaContribution": -672.9895829664254,
        "difference": -433.49571897023634,
        "extrinsicValueContribution": 121.50428102976366,
        "formula": "555.00 (current CE premium) − 672.99 (Delta × -1349.12 spot change) + 255.57 (½ × Gamma × spot change²) + 0.00 (Theta × elapsed days) + 0.00 (Vega × ΔIV) − 16.08 (full repricing adjustment — Black-Scholes reval vs. Delta+Gamma attribution) = 121.50",
        "gammaContribution": 255.57309204590442,
        "intrinsicValueContribution": 0,
        "ivContribution": 0,
        "modelUsed": "black-scholes-merton",
        "optionType": "CE",
        "pricingMode": "snapshot",
        "scenario": "lower",
        "spotDifference": -1349.1172105720543,
        "strike": 51300,
        "thetaContribution": -0,
        "timeToExpiryDays": 5,
        "vegaContribution": 0,
      },
    ],
    "currentSpot": 51230.5,
    "pe": [
      {
        "appliedTheta": -0,
        "appliedVega": 0,
        "calculatedPremium": 1346.5142501338632,
        "calculatedSpot": 49881.382789427946,
        "currentGreeks": {
          "delta": -0.42,
          "gamma": 0.0003,
          "theta": -28,
          "vega": 45,
        },
        "currentIV": 24.65814659893513,
        "currentPremium": 505,
        "currentSpot": 51230.5,
        "deltaContribution": 602.8341748366411,
        "difference": 841.5142501338632,
        "extrinsicValueContribution": 127.89703956180892,
        "formula": "505.00 (current PE premium) + 602.83 (Delta × -1349.12 spot change) + 243.37 (½ × Gamma × spot change²) + 0.00 (Theta × elapsed days) + 0.00 (Vega × ΔIV) − 4.69 (full repricing adjustment — Black-Scholes reval vs. Delta+Gamma attribution) = 1346.51",
        "gammaContribution": 243.37308995339595,
        "intrinsicValueContribution": 1218.6172105720543,
        "ivContribution": 0,
        "modelUsed": "black-scholes-merton",
        "optionType": "PE",
        "pricingMode": "snapshot",
        "scenario": "lower",
        "spotDifference": -1349.1172105720543,
        "strike": 51100,
        "thetaContribution": -0,
        "timeToExpiryDays": 5,
        "vegaContribution": 0,
      },
      {
        "appliedTheta": -0,
        "appliedVega": 0,
        "calculatedPremium": 1438.9701160486366,
        "calculatedSpot": 49881.382789427946,
        "currentGreeks": {
          "delta": -0.49,
          "gamma": 0.00033,
          "theta": -31,
          "vega": 48,
        },
        "currentIV": 25.406646108627317,
        "currentPremium": 570,
        "currentSpot": 51230.5,
        "deltaContribution": 639.6854708901909,
        "difference": 868.9701160486366,
        "extrinsicValueContribution": 120.35290547658224,
        "formula": "570.00 (current PE premium) + 639.69 (Delta × -1349.12 spot change) + 237.82 (½ × Gamma × spot change²) + 0.00 (Theta × elapsed days) + 0.00 (Vega × ΔIV) − 8.54 (full repricing adjustment — Black-Scholes reval vs. Delta+Gamma attribution) = 1438.97",
        "gammaContribution": 237.8220033901717,
        "intrinsicValueContribution": 1318.6172105720543,
        "ivContribution": 0,
        "modelUsed": "black-scholes-merton",
        "optionType": "PE",
        "pricingMode": "snapshot",
        "scenario": "lower",
        "spotDifference": -1349.1172105720543,
        "strike": 51200,
        "thetaContribution": -0,
        "timeToExpiryDays": 5,
        "vegaContribution": 0,
      },
      {
        "appliedTheta": -0,
        "appliedVega": 0,
        "calculatedPremium": 1533.6306986730488,
        "calculatedSpot": 49881.382789427946,
        "currentGreeks": {
          "delta": -0.56,
          "gamma": 0.00032,
          "theta": -30,
          "vega": 47,
        },
        "currentIV": 26.24830394387245,
        "currentPremium": 640,
        "currentSpot": 51230.5,
        "deltaContribution": 674.4426914470083,
        "difference": 893.6306986730488,
        "extrinsicValueContribution": 115.01348810099444,
        "formula": "640.00 (current PE premium) + 674.44 (Delta × -1349.12 spot change) + 230.68 (½ × Gamma × spot change²) + 0.00 (Theta × elapsed days) + 0.00 (Vega × ΔIV) − 11.49 (full repricing adjustment — Black-Scholes reval vs. Delta+Gamma attribution) = 1533.63",
        "gammaContribution": 230.6805692404704,
        "intrinsicValueContribution": 1418.6172105720543,
        "ivContribution": 0,
        "modelUsed": "black-scholes-merton",
        "optionType": "PE",
        "pricingMode": "snapshot",
        "scenario": "lower",
        "spotDifference": -1349.1172105720543,
        "strike": 51300,
        "thetaContribution": -0,
        "timeToExpiryDays": 5,
        "vegaContribution": 0,
      },
    ],
    "scenario": "lower",
  },
  "underlying": {
    "calculatedLowerLevel": 49881.382789427946,
    "calculatedUpperLevel": 52579.617210572054,
    "currentSpot": 51230.5,
    "lastCalculatedAt": "<timestamp>",
    "underlyingLabel": "BANK NIFTY",
  },
  "upperScenario": {
    "calculatedSpot": 52579.617210572054,
    "ce": [
      {
        "appliedTheta": -0,
        "appliedVega": 0,
        "calculatedPremium": 1644.4257674318505,
        "calculatedSpot": 52579.617210572054,
        "currentGreeks": {
          "delta": 0.58,
          "gamma": 0.0003,
          "theta": -30,
          "vega": 45,
        },
        "currentIV": 24.616819044947622,
        "currentPremium": 680,
        "currentSpot": 51230.5,
        "deltaContribution": 746.3769084490458,
        "difference": 964.4257674318505,
        "extrinsicValueContribution": 164.80855685979623,
        "formula": "680.00 (current CE premium) + 746.38 (Delta × 1349.12 spot change) + 243.78 (½ × Gamma × spot change²) + 0.00 (Theta × elapsed days) + 0.00 (Vega × ΔIV) − 25.73 (full repricing adjustment — Black-Scholes reval vs. Delta+Gamma attribution) = 1644.43",
        "gammaContribution": 243.775935183877,
        "intrinsicValueContribution": 1479.6172105720543,
        "ivContribution": 0,
        "modelUsed": "black-scholes-merton",
        "optionType": "CE",
        "pricingMode": "snapshot",
        "scenario": "upper",
        "spotDifference": 1349.1172105720543,
        "strike": 51100,
        "thetaContribution": -0,
        "timeToExpiryDays": 5,
        "vegaContribution": 0,
      },
      {
        "appliedTheta": -0,
        "appliedVega": 0,
        "calculatedPremium": 1553.2375427266816,
        "calculatedSpot": 52579.617210572054,
        "currentGreeks": {
          "delta": 0.51,
          "gamma": 0.00033,
          "theta": -33,
          "vega": 48,
        },
        "currentIV": 24.105021834373474,
        "currentPremium": 615,
        "currentSpot": 51230.5,
        "deltaContribution": 710.4717995455796,
        "difference": 938.2375427266816,
        "extrinsicValueContribution": 173.62033215462725,
        "formula": "615.00 (current CE premium) + 710.47 (Delta × 1349.12 spot change) + 250.63 (½ × Gamma × spot change²) + 0.00 (Theta × elapsed days) + 0.00 (Vega × ΔIV) − 22.87 (full repricing adjustment — Black-Scholes reval vs. Delta+Gamma attribution) = 1553.24",
        "gammaContribution": 250.6319858359797,
        "intrinsicValueContribution": 1379.6172105720543,
        "ivContribution": 0,
        "modelUsed": "black-scholes-merton",
        "optionType": "CE",
        "pricingMode": "snapshot",
        "scenario": "upper",
        "spotDifference": 1349.1172105720543,
        "strike": 51200,
        "thetaContribution": -0,
        "timeToExpiryDays": 5,
        "vegaContribution": 0,
      },
      {
        "appliedTheta": -0,
        "appliedVega": 0,
        "calculatedPremium": 1464.4499425589456,
        "calculatedSpot": 52579.617210572054,
        "currentGreeks": {
          "delta": 0.44,
          "gamma": 0.00032,
          "theta": -31,
          "vega": 47,
        },
        "currentIV": 23.69164945632219,
        "currentPremium": 555,
        "currentSpot": 51230.5,
        "deltaContribution": 672.9895829664254,
        "difference": 909.4499425589456,
        "extrinsicValueContribution": 184.8327319868913,
        "formula": "555.00 (current CE premium) + 672.99 (Delta × 1349.12 spot change) + 255.57 (½ × Gamma × spot change²) + 0.00 (Theta × elapsed days) + 0.00 (Vega × ΔIV) − 19.11 (full repricing adjustment — Black-Scholes reval vs. Delta+Gamma attribution) = 1464.45",
        "gammaContribution": 255.57309204590442,
        "intrinsicValueContribution": 1279.6172105720543,
        "ivContribution": 0,
        "modelUsed": "black-scholes-merton",
        "optionType": "CE",
        "pricingMode": "snapshot",
        "scenario": "upper",
        "spotDifference": 1349.1172105720543,
        "strike": 51300,
        "thetaContribution": -0,
        "timeToExpiryDays": 5,
        "vegaContribution": 0,
      },
    ],
    "currentSpot": 51230.5,
    "pe": [
      {
        "appliedTheta": -0,
        "appliedVega": 0,
        "calculatedPremium": 119.9225711354311,
        "calculatedSpot": 52579.617210572054,
        "currentGreeks": {
          "delta": -0.42,
          "gamma": 0.0003,
          "theta": -28,
          "vega": 45,
        },
        "currentIV": 24.65814659893513,
        "currentPremium": 505,
        "currentSpot": 51230.5,
        "deltaContribution": -602.8341748366411,
        "difference": -385.0774288645689,
        "extrinsicValueContribution": 119.9225711354311,
        "formula": "505.00 (current PE premium) − 602.83 (Delta × 1349.12 spot change) + 243.37 (½ × Gamma × spot change²) + 0.00 (Theta × elapsed days) + 0.00 (Vega × ΔIV) − 25.62 (full repricing adjustment — Black-Scholes reval vs. Delta+Gamma attribution) = 119.92",
        "gammaContribution": 243.37308995339595,
        "intrinsicValueContribution": 0,
        "ivContribution": 0,
        "modelUsed": "black-scholes-merton",
        "optionType": "PE",
        "pricingMode": "snapshot",
        "scenario": "upper",
        "spotDifference": 1349.1172105720543,
        "strike": 51100,
        "thetaContribution": -0,
        "timeToExpiryDays": 5,
        "vegaContribution": 0,
      },
      {
        "appliedTheta": -0,
        "appliedVega": 0,
        "calculatedPremium": 148.14847617711166,
        "calculatedSpot": 52579.617210572054,
        "currentGreeks": {
          "delta": -0.49,
          "gamma": 0.00033,
          "theta": -31,
          "vega": 48,
        },
        "currentIV": 25.406646108627317,
        "currentPremium": 570,
        "currentSpot": 51230.5,
        "deltaContribution": -639.6854708901909,
        "difference": -421.85152382288834,
        "extrinsicValueContribution": 148.14847617711166,
        "formula": "570.00 (current PE premium) − 639.69 (Delta × 1349.12 spot change) + 237.82 (½ × Gamma × spot change²) + 0.00 (Theta × elapsed days) + 0.00 (Vega × ΔIV) − 19.99 (full repricing adjustment — Black-Scholes reval vs. Delta+Gamma attribution) = 148.15",
        "gammaContribution": 237.8220033901717,
        "intrinsicValueContribution": 0,
        "ivContribution": 0,
        "modelUsed": "black-scholes-merton",
        "optionType": "PE",
        "pricingMode": "snapshot",
        "scenario": "upper",
        "spotDifference": 1349.1172105720543,
        "strike": 51200,
        "thetaContribution": -0,
        "timeToExpiryDays": 5,
        "vegaContribution": 0,
      },
      {
        "appliedTheta": -0,
        "appliedVega": 0,
        "calculatedPremium": 181.45560265316453,
        "calculatedSpot": 52579.617210572054,
        "currentGreeks": {
          "delta": -0.56,
          "gamma": 0.00032,
          "theta": -30,
          "vega": 47,
        },
        "currentIV": 26.24830394387245,
        "currentPremium": 640,
        "currentSpot": 51230.5,
        "deltaContribution": -674.4426914470083,
        "difference": -458.54439734683547,
        "extrinsicValueContribution": 181.45560265316453,
        "formula": "640.00 (current PE premium) − 674.44 (Delta × 1349.12 spot change) + 230.68 (½ × Gamma × spot change²) + 0.00 (Theta × elapsed days) + 0.00 (Vega × ΔIV) − 14.78 (full repricing adjustment — Black-Scholes reval vs. Delta+Gamma attribution) = 181.46",
        "gammaContribution": 230.6805692404704,
        "intrinsicValueContribution": 0,
        "ivContribution": 0,
        "modelUsed": "black-scholes-merton",
        "optionType": "PE",
        "pricingMode": "snapshot",
        "scenario": "upper",
        "spotDifference": 1349.1172105720543,
        "strike": 51300,
        "thetaContribution": -0,
        "timeToExpiryDays": 5,
        "vegaContribution": 0,
      },
    ],
    "scenario": "upper",
  },
}
`;

exports[`runCalculationEngine — golden snapshot regression > MCX GOLD, Black-76 (forward-based) pricing model 1`] = `
{
  "lowerScenario": {
    "calculatedSpot": 63418.774534545206,
    "ce": [
      {
        "appliedTheta": -0,
        "appliedVega": 0,
        "calculatedPremium": 344.38527395964485,
        "calculatedSpot": 63418.774534545206,
        "currentGreeks": {
          "delta": 0.65,
          "gamma": 0.00025,
          "theta": -18,
          "vega": 55,
        },
        "currentIV": 14.845325624942781,
        "currentPremium": 1050,
        "currentSpot": 65000,
        "deltaContribution": -957.3227942717435,
        "difference": -705.6147260403552,
        "extrinsicValueContribution": 344.38527395964485,
        "formula": "1050.00 (current CE premium) − 957.32 (Delta × -1581.23 spot change) + 245.07 (½ × Gamma × spot change²) + 0.00 (Theta × elapsed days) + 0.00 (Vega × ΔIV) + 6.64 (full repricing adjustment — Black-Scholes reval vs. Delta+Gamma attribution) = 344.39",
        "gammaContribution": 245.06563732427117,
        "intrinsicValueContribution": 0,
        "ivContribution": 0,
        "modelUsed": "black-76",
        "optionType": "CE",
        "pricingMode": "snapshot",
        "scenario": "lower",
        "spotDifference": -1581.2254654547942,
        "strike": 64500,
        "thetaContribution": -0,
        "timeToExpiryDays": 15,
        "vegaContribution": 0,
      },
      {
        "appliedTheta": -0,
        "appliedVega": 0,
        "calculatedPremium": 276.38127384250345,
        "calculatedSpot": 63418.774534545206,
        "currentGreeks": {
          "delta": 0.5,
          "gamma": 0.00027,
          "theta": -20,
          "vega": 58,
        },
        "currentIV": 16.213384612649676,
        "currentPremium": 850,
        "currentSpot": 65000,
        "deltaContribution": -798.8424229207358,
        "difference": -573.6187261574966,
        "extrinsicValueContribution": 276.38127384250345,
        "formula": "850.00 (current CE premium) − 798.84 (Delta × -1581.23 spot change) + 232.79 (½ × Gamma × spot change²) + 0.00 (Theta × elapsed days) + 0.00 (Vega × ΔIV) − 7.57 (full repricing adjustment — Black-Scholes reval vs. Delta+Gamma attribution) = 276.38",
        "gammaContribution": 232.78912244681206,
        "intrinsicValueContribution": 0,
        "ivContribution": 0,
        "modelUsed": "black-76",
        "optionType": "CE",
        "pricingMode": "snapshot",
        "scenario": "lower",
        "spotDifference": -1581.2254654547942,
        "strike": 65000,
        "thetaContribution": -0,
        "timeToExpiryDays": 15,
        "vegaContribution": 0,
      },
      {
        "appliedTheta": -0,
        "appliedVega": 0,
        "calculatedPremium": 203.00541599242442,
        "calculatedSpot": 63418.774534545206,
        "currentGreeks": {
          "delta": 0.35,
          "gamma": 0.00025,
          "theta": -17,
          "vega": 55,
        },
        "currentIV": 16.856855671107766,
        "currentPremium": 660,
        "currentSpot": 65000,
        "deltaContribution": -659.1012840349912,
        "difference": -456.99458400757555,
        "extrinsicValueContribution": 203.00541599242442,
        "formula": "660.00 (current CE premium) − 659.10 (Delta × -1581.23 spot change) + 219.18 (½ × Gamma × spot change²) + 0.00 (Theta × elapsed days) + 0.00 (Vega × ΔIV) − 17.07 (full repricing adjustment — Black-Scholes reval vs. Delta+Gamma attribution) = 203.01",
        "gammaContribution": 219.17950664832318,
        "intrinsicValueContribution": 0,
        "ivContribution": 0,
        "modelUsed": "black-76",
        "optionType": "CE",
        "pricingMode": "snapshot",
        "scenario": "lower",
        "spotDifference": -1581.2254654547942,
        "strike": 65500,
        "thetaContribution": -0,
        "timeToExpiryDays": 15,
        "vegaContribution": 0,
      },
    ],
    "currentSpot": 65000,
    "pe": [
      {
        "appliedTheta": -0,
        "appliedVega": 0,
        "calculatedPremium": 1483.221754449225,
        "calculatedSpot": 63418.774534545206,
        "currentGreeks": {
          "delta": -0.35,
          "gamma": 0.00025,
          "theta": -16,
          "vega": 55,
        },
        "currentIV": 16.200557278841732,
        "currentPremium": 620,
        "currentSpot": 65000,
        "deltaContribution": 631.8991472464135,
        "difference": 863.221754449225,
        "extrinsicValueContribution": 401.99628899443087,
        "formula": "620.00 (current PE premium) + 631.90 (Delta × -1581.23 spot change) + 225.75 (½ × Gamma × spot change²) + 0.00 (Theta × elapsed days) + 0.00 (Vega × ΔIV) + 5.57 (full repricing adjustment — Black-Scholes reval vs. Delta+Gamma attribution) = 1483.22",
        "gammaContribution": 225.74842237581873,
        "intrinsicValueContribution": 1081.2254654547942,
        "ivContribution": 0,
        "modelUsed": "black-76",
        "optionType": "PE",
        "pricingMode": "snapshot",
        "scenario": "lower",
        "spotDifference": -1581.2254654547942,
        "strike": 64500,
        "thetaContribution": -0,
        "timeToExpiryDays": 15,
        "vegaContribution": 0,
      },
      {
        "appliedTheta": -0,
        "appliedVega": 0,
        "calculatedPremium": 1809.5689118377852,
        "calculatedSpot": 63418.774534545206,
        "currentGreeks": {
          "delta": -0.5,
          "gamma": 0.00027,
          "theta": -19,
          "vega": 58,
        },
        "currentIV": 15.068816962093116,
        "currentPremium": 790,
        "currentSpot": 65000,
        "deltaContribution": 778.8946537935595,
        "difference": 1019.5689118377852,
        "extrinsicValueContribution": 228.34344638299103,
        "formula": "790.00 (current PE premium) + 778.89 (Delta × -1581.23 spot change) + 250.48 (½ × Gamma × spot change²) + 0.00 (Theta × elapsed days) + 0.00 (Vega × ΔIV) − 9.80 (full repricing adjustment — Black-Scholes reval vs. Delta+Gamma attribution) = 1809.57",
        "gammaContribution": 250.47546903222045,
        "intrinsicValueContribution": 1581.2254654547942,
        "ivContribution": 0,
        "modelUsed": "black-76",
        "optionType": "PE",
        "pricingMode": "snapshot",
        "scenario": "lower",
        "spotDifference": -1581.2254654547942,
        "strike": 65000,
        "thetaContribution": -0,
        "timeToExpiryDays": 15,
        "vegaContribution": 0,
      },
      {
        "appliedTheta": -0,
        "appliedVega": 0,
        "calculatedPremium": 2160.0226617230205,
        "calculatedSpot": 63418.774534545206,
        "currentGreeks": {
          "delta": -0.65,
          "gamma": 0.00025,
          "theta": -16,
          "vega": 55,
        },
        "currentIV": 12.757662149518726,
        "currentPremium": 950,
        "currentSpot": 65000,
        "deltaContribution": 964.419030365192,
        "difference": 1210.0226617230205,
        "extrinsicValueContribution": 78.79719626822634,
        "formula": "950.00 (current PE premium) + 964.42 (Delta × -1581.23 spot change) + 284.24 (½ × Gamma × spot change²) + 0.00 (Theta × elapsed days) + 0.00 (Vega × ΔIV) − 38.64 (full repricing adjustment — Black-Scholes reval vs. Delta+Gamma attribution) = 2160.02",
        "gammaContribution": 284.2420508958895,
        "intrinsicValueContribution": 2081.225465454794,
        "ivContribution": 0,
        "modelUsed": "black-76",
        "optionType": "PE",
        "pricingMode": "snapshot",
        "scenario": "lower",
        "spotDifference": -1581.2254654547942,
        "strike": 65500,
        "thetaContribution": -0,
        "timeToExpiryDays": 15,
        "vegaContribution": 0,
      },
    ],
    "scenario": "lower",
  },
  "underlying": {
    "calculatedLowerLevel": 63418.774534545206,
    "calculatedUpperLevel": 66581.2254654548,
    "currentSpot": 65000,
    "lastCalculatedAt": "<timestamp>",
    "underlyingLabel": "GOLD",
  },
  "upperScenario": {
    "calculatedSpot": 66581.2254654548,
    "ce": [
      {
        "appliedTheta": -0,
        "appliedVega": 0,
        "calculatedPremium": 2223.0070951538,
        "calculatedSpot": 66581.2254654548,
        "currentGreeks": {
          "delta": 0.65,
          "gamma": 0.00025,
          "theta": -18,
          "vega": 55,
        },
        "currentIV": 14.845325624942781,
        "currentPremium": 1050,
        "currentSpot": 65000,
        "deltaContribution": 957.3227942717479,
        "difference": 1173.0070951538,
        "extrinsicValueContribution": 141.7816296989986,
        "formula": "1050.00 (current CE premium) + 957.32 (Delta × 1581.23 spot change) + 245.07 (½ × Gamma × spot change²) + 0.00 (Theta × elapsed days) + 0.00 (Vega × ΔIV) − 29.38 (full repricing adjustment — Black-Scholes reval vs. Delta+Gamma attribution) = 2223.01",
        "gammaContribution": 245.06563732427338,
        "intrinsicValueContribution": 2081.2254654548015,
        "ivContribution": 0,
        "modelUsed": "black-76",
        "optionType": "CE",
        "pricingMode": "snapshot",
        "scenario": "upper",
        "spotDifference": 1581.2254654548015,
        "strike": 64500,
        "thetaContribution": -0,
        "timeToExpiryDays": 15,
        "vegaContribution": 0,
      },
      {
        "appliedTheta": -0,
        "appliedVega": 0,
        "calculatedPremium": 1869.1114774427194,
        "calculatedSpot": 66581.2254654548,
        "currentGreeks": {
          "delta": 0.5,
          "gamma": 0.00027,
          "theta": -20,
          "vega": 58,
        },
        "currentIV": 16.213384612649676,
        "currentPremium": 850,
        "currentSpot": 65000,
        "deltaContribution": 798.8424229207395,
        "difference": 1019.1114774427194,
        "extrinsicValueContribution": 287.886011987918,
        "formula": "850.00 (current CE premium) + 798.84 (Delta × 1581.23 spot change) + 232.79 (½ × Gamma × spot change²) + 0.00 (Theta × elapsed days) + 0.00 (Vega × ΔIV) − 12.52 (full repricing adjustment — Black-Scholes reval vs. Delta+Gamma attribution) = 1869.11",
        "gammaContribution": 232.7891224468142,
        "intrinsicValueContribution": 1581.2254654548015,
        "ivContribution": 0,
        "modelUsed": "black-76",
        "optionType": "CE",
        "pricingMode": "snapshot",
        "scenario": "upper",
        "spotDifference": 1581.2254654548015,
        "strike": 65000,
        "thetaContribution": -0,
        "timeToExpiryDays": 15,
        "vegaContribution": 0,
      },
      {
        "appliedTheta": -0,
        "appliedVega": 0,
        "calculatedPremium": 1538.1604995921298,
        "calculatedSpot": 66581.2254654548,
        "currentGreeks": {
          "delta": 0.35,
          "gamma": 0.00025,
          "theta": -17,
          "vega": 55,
        },
        "currentIV": 16.856855671107766,
        "currentPremium": 660,
        "currentSpot": 65000,
        "deltaContribution": 659.1012840349943,
        "difference": 878.1604995921298,
        "extrinsicValueContribution": 456.93503413732833,
        "formula": "660.00 (current CE premium) + 659.10 (Delta × 1581.23 spot change) + 219.18 (½ × Gamma × spot change²) + 0.00 (Theta × elapsed days) + 0.00 (Vega × ΔIV) − 0.12 (full repricing adjustment — Black-Scholes reval vs. Delta+Gamma attribution) = 1538.16",
        "gammaContribution": 219.1795066483252,
        "intrinsicValueContribution": 1081.2254654548015,
        "ivContribution": 0,
        "modelUsed": "black-76",
        "optionType": "CE",
        "pricingMode": "snapshot",
        "scenario": "upper",
        "spotDifference": 1581.2254654548015,
        "strike": 65500,
        "thetaContribution": -0,
        "timeToExpiryDays": 15,
        "vegaContribution": 0,
      },
    ],
    "currentSpot": 65000,
    "pe": [
      {
        "appliedTheta": -0,
        "appliedVega": 0,
        "calculatedPremium": 190.34957822443963,
        "calculatedSpot": 66581.2254654548,
        "currentGreeks": {
          "delta": -0.35,
          "gamma": 0.00025,
          "theta": -16,
          "vega": 55,
        },
        "currentIV": 16.200557278841732,
        "currentPremium": 620,
        "currentSpot": 65000,
        "deltaContribution": -631.8991472464163,
        "difference": -429.6504217755604,
        "extrinsicValueContribution": 190.34957822443963,
        "formula": "620.00 (current PE premium) − 631.90 (Delta × 1581.23 spot change) + 225.75 (½ × Gamma × spot change²) + 0.00 (Theta × elapsed days) + 0.00 (Vega × ΔIV) − 23.50 (full repricing adjustment — Black-Scholes reval vs. Delta+Gamma attribution) = 190.35",
        "gammaContribution": 225.7484223758208,
        "intrinsicValueContribution": 0,
        "ivContribution": 0,
        "modelUsed": "black-76",
        "optionType": "PE",
        "pricingMode": "snapshot",
        "scenario": "upper",
        "spotDifference": 1581.2254654548015,
        "strike": 64500,
        "thetaContribution": -0,
        "timeToExpiryDays": 15,
        "vegaContribution": 0,
      },
      {
        "appliedTheta": -0,
        "appliedVega": 0,
        "calculatedPremium": 246.5568951851036,
        "calculatedSpot": 66581.2254654548,
        "currentGreeks": {
          "delta": -0.5,
          "gamma": 0.00027,
          "theta": -19,
          "vega": 58,
        },
        "currentIV": 15.068816962093116,
        "currentPremium": 790,
        "currentSpot": 65000,
        "deltaContribution": -778.8946537935632,
        "difference": -543.4431048148964,
        "extrinsicValueContribution": 246.5568951851036,
        "formula": "790.00 (current PE premium) − 778.89 (Delta × 1581.23 spot change) + 250.48 (½ × Gamma × spot change²) + 0.00 (Theta × elapsed days) + 0.00 (Vega × ΔIV) − 15.02 (full repricing adjustment — Black-Scholes reval vs. Delta+Gamma attribution) = 246.56",
        "gammaContribution": 250.47546903222272,
        "intrinsicValueContribution": 0,
        "ivContribution": 0,
        "modelUsed": "black-76",
        "optionType": "PE",
        "pricingMode": "snapshot",
        "scenario": "upper",
        "spotDifference": 1581.2254654548015,
        "strike": 65000,
        "thetaContribution": -0,
        "timeToExpiryDays": 15,
        "vegaContribution": 0,
      },
      {
        "appliedTheta": -0,
        "appliedVega": 0,
        "calculatedPremium": 272.16288720060794,
        "calculatedSpot": 66581.2254654548,
        "currentGreeks": {
          "delta": -0.65,
          "gamma": 0.00025,
          "theta": -16,
          "vega": 55,
        },
        "currentIV": 12.757662149518726,
        "currentPremium": 950,
        "currentSpot": 65000,
        "deltaContribution": -964.4190303651965,
        "difference": -677.8371127993921,
        "extrinsicValueContribution": 272.16288720060794,
        "formula": "950.00 (current PE premium) − 964.42 (Delta × 1581.23 spot change) + 284.24 (½ × Gamma × spot change²) + 0.00 (Theta × elapsed days) + 0.00 (Vega × ΔIV) + 2.34 (full repricing adjustment — Black-Scholes reval vs. Delta+Gamma attribution) = 272.16",
        "gammaContribution": 284.2420508958921,
        "intrinsicValueContribution": 0,
        "ivContribution": 0,
        "modelUsed": "black-76",
        "optionType": "PE",
        "pricingMode": "snapshot",
        "scenario": "upper",
        "spotDifference": 1581.2254654548015,
        "strike": 65500,
        "thetaContribution": -0,
        "timeToExpiryDays": 15,
        "vegaContribution": 0,
      },
    ],
    "scenario": "upper",
  },
}
`;

exports[`runCalculationEngine — golden snapshot regression > NIFTY, live data, 20 days to expiry, moderate IV 1`] = `
{
  "lowerScenario": {
    "calculatedSpot": 23975.655792068213,
    "ce": [
      {
        "appliedTheta": -0,
        "appliedVega": 0,
        "calculatedPremium": 121.85105249790377,
        "calculatedSpot": 23975.655792068213,
        "currentGreeks": {
          "delta": 0.72,
          "gamma": 0.0007,
          "theta": -7,
          "vega": 15,
        },
        "currentIV": 14.2,
        "currentPremium": 195,
        "currentSpot": 24800,
        "deltaContribution": -530.3243222872763,
        "difference": -73.14894750209623,
        "extrinsicValueContribution": 121.85105249790377,
        "formula": "195.00 (current CE premium) − 530.32 (Delta × -824.34 spot change) + 153.70 (½ × Gamma × spot change²) + 0.00 (Theta × elapsed days) + 0.00 (Vega × ΔIV) + 303.47 (full repricing adjustment — Black-Scholes reval vs. Delta+Gamma attribution) = 121.85",
        "gammaContribution": 153.7029398366039,
        "intrinsicValueContribution": 0,
        "ivContribution": 0,
        "modelUsed": "black-scholes-merton",
        "optionType": "CE",
        "pricingMode": "snapshot",
        "scenario": "lower",
        "spotDifference": -824.3442079317865,
        "strike": 24600,
        "thetaContribution": -0,
        "timeToExpiryDays": 20,
        "vegaContribution": 0,
      },
      {
        "appliedTheta": -0,
        "appliedVega": 0,
        "calculatedPremium": 99.07217862036305,
        "calculatedSpot": 23975.655792068213,
        "currentGreeks": {
          "delta": 0.62,
          "gamma": 0.0009,
          "theta": -9,
          "vega": 18,
        },
        "currentIV": 14.2,
        "currentPremium": 145,
        "currentSpot": 24800,
        "deltaContribution": -492.04870915460305,
        "difference": -45.92782137963695,
        "extrinsicValueContribution": 99.07217862036305,
        "formula": "145.00 (current CE premium) − 492.05 (Delta × -824.34 spot change) + 159.56 (½ × Gamma × spot change²) + 0.00 (Theta × elapsed days) + 0.00 (Vega × ΔIV) + 286.56 (full repricing adjustment — Black-Scholes reval vs. Delta+Gamma attribution) = 99.07",
        "gammaContribution": 159.55848490350715,
        "intrinsicValueContribution": 0,
        "ivContribution": 0,
        "modelUsed": "black-scholes-merton",
        "optionType": "CE",
        "pricingMode": "snapshot",
        "scenario": "lower",
        "spotDifference": -824.3442079317865,
        "strike": 24700,
        "thetaContribution": -0,
        "timeToExpiryDays": 20,
        "vegaContribution": 0,
      },
      {
        "appliedTheta": -0,
        "appliedVega": 0,
        "calculatedPremium": 0.0001340450673957272,
        "calculatedSpot": 23975.655792068213,
        "currentGreeks": {
          "delta": 0.5,
          "gamma": 0.001,
          "theta": -11,
          "vega": 20,
        },
        "currentIV": 2.8925150394439694,
        "currentPremium": 120,
        "currentSpot": 24800,
        "deltaContribution": -578.474973469199,
        "difference": -119.9998659549326,
        "extrinsicValueContribution": 0.0001340450673957272,
        "formula": "120.00 (current CE premium) − 578.47 (Delta × -824.34 spot change) + 701.68 (½ × Gamma × spot change²) + 0.00 (Theta × elapsed days) + 0.00 (Vega × ΔIV) − 243.21 (full repricing adjustment — Black-Scholes reval vs. Delta+Gamma attribution) = 0.00",
        "gammaContribution": 701.6820601386607,
        "intrinsicValueContribution": 0,
        "ivContribution": 0,
        "modelUsed": "black-scholes-merton",
        "optionType": "CE",
        "pricingMode": "snapshot",
        "scenario": "lower",
        "spotDifference": -824.3442079317865,
        "strike": 24800,
        "thetaContribution": -0,
        "timeToExpiryDays": 20,
        "vegaContribution": 0,
      },
      {
        "appliedTheta": -0,
        "appliedVega": 0,
        "calculatedPremium": 0.015613272832700531,
        "calculatedSpot": 23975.655792068213,
        "currentGreeks": {
          "delta": 0.38,
          "gamma": 0.0009,
          "theta": -9,
          "vega": 18,
        },
        "currentIV": 4.2145349234342575,
        "currentPremium": 92,
        "currentSpot": 24800,
        "deltaContribution": -398.3806539070569,
        "difference": -91.9843867271673,
        "extrinsicValueContribution": 0.015613272832700531,
        "formula": "92.00 (current CE premium) − 398.38 (Delta × -824.34 spot change) + 553.54 (½ × Gamma × spot change²) + 0.00 (Theta × elapsed days) + 0.00 (Vega × ΔIV) − 247.14 (full repricing adjustment — Black-Scholes reval vs. Delta+Gamma attribution) = 0.02",
        "gammaContribution": 553.5351937405734,
        "intrinsicValueContribution": 0,
        "ivContribution": 0,
        "modelUsed": "black-scholes-merton",
        "optionType": "CE",
        "pricingMode": "snapshot",
        "scenario": "lower",
        "spotDifference": -824.3442079317865,
        "strike": 24900,
        "thetaContribution": -0,
        "timeToExpiryDays": 20,
        "vegaContribution": 0,
      },
      {
        "appliedTheta": -0,
        "appliedVega": 0,
        "calculatedPremium": 0.016042281816078585,
        "calculatedSpot": 23975.655792068213,
        "currentGreeks": {
          "delta": 0.28,
          "gamma": 0.0007,
          "theta": -6,
          "vega": 15,
        },
        "currentIV": 4.6803861439228065,
        "currentPremium": 62,
        "currentSpot": 24800,
        "deltaContribution": -283.27209091942734,
        "difference": -61.98395771818392,
        "extrinsicValueContribution": 0.016042281816078585,
        "formula": "62.00 (current CE premium) − 283.27 (Delta × -824.34 spot change) + 460.05 (½ × Gamma × spot change²) + 0.00 (Theta × elapsed days) + 0.00 (Vega × ΔIV) − 238.76 (full repricing adjustment — Black-Scholes reval vs. Delta+Gamma attribution) = 0.02",
        "gammaContribution": 460.0492342883318,
        "intrinsicValueContribution": 0,
        "ivContribution": 0,
        "modelUsed": "black-scholes-merton",
        "optionType": "CE",
        "pricingMode": "snapshot",
        "scenario": "lower",
        "spotDifference": -824.3442079317865,
        "strike": 25000,
        "thetaContribution": -0,
        "timeToExpiryDays": 20,
        "vegaContribution": 0,
      },
    ],
    "currentSpot": 24800,
    "pe": [
      {
        "appliedTheta": -0,
        "appliedVega": 0,
        "calculatedPremium": 546.2799134937559,
        "calculatedSpot": 23975.655792068213,
        "currentGreeks": {
          "delta": -0.28,
          "gamma": 0.0007,
          "theta": -6,
          "vega": 15,
        },
        "currentIV": 6.154233390092848,
        "currentPremium": 42,
        "currentSpot": 24800,
        "deltaContribution": 170.72513046843125,
        "difference": 504.2799134937559,
        "extrinsicValueContribution": 0,
        "formula": "42.00 (current PE premium) + 170.73 (Delta × -824.34 spot change) + 271.85 (½ × Gamma × spot change²) + 0.00 (Theta × elapsed days) + 0.00 (Vega × ΔIV) + 61.70 (full repricing adjustment — Black-Scholes reval vs. Delta+Gamma attribution) = 546.28",
        "gammaContribution": 271.85256498077916,
        "intrinsicValueContribution": 546.2799134937559,
        "ivContribution": 0,
        "modelUsed": "black-scholes-merton",
        "optionType": "PE",
        "pricingMode": "snapshot",
        "scenario": "lower",
        "spotDifference": -824.3442079317865,
        "strike": 24600,
        "thetaContribution": -0,
        "timeToExpiryDays": 20,
        "vegaContribution": 0,
      },
      {
        "appliedTheta": -0,
        "appliedVega": 0,
        "calculatedPremium": 641.4212349666668,
        "calculatedSpot": 23975.655792068213,
        "currentGreeks": {
          "delta": -0.38,
          "gamma": 0.0009,
          "theta": -8,
          "vega": 18,
        },
        "currentIV": 6.183932913839817,
        "currentPremium": 68,
        "currentSpot": 24800,
        "deltaContribution": 245.01386714910268,
        "difference": 573.4212349666668,
        "extrinsicValueContribution": 0,
        "formula": "68.00 (current PE premium) + 245.01 (Delta × -824.34 spot change) + 327.69 (½ × Gamma × spot change²) + 0.00 (Theta × elapsed days) + 0.00 (Vega × ΔIV) + 0.72 (full repricing adjustment — Black-Scholes reval vs. Delta+Gamma attribution) = 641.42",
        "gammaContribution": 327.6881699548451,
        "intrinsicValueContribution": 641.4212349666668,
        "ivContribution": 0,
        "modelUsed": "black-scholes-merton",
        "optionType": "PE",
        "pricingMode": "snapshot",
        "scenario": "lower",
        "spotDifference": -824.3442079317865,
        "strike": 24700,
        "thetaContribution": -0,
        "timeToExpiryDays": 20,
        "vegaContribution": 0,
      },
      {
        "appliedTheta": -0,
        "appliedVega": 0,
        "calculatedPremium": 739.3834368988682,
        "calculatedSpot": 23975.655792068213,
        "currentGreeks": {
          "delta": -0.5,
          "gamma": 0.001,
          "theta": -10,
          "vega": 20,
        },
        "currentIV": 6.487542943656445,
        "currentPremium": 110,
        "currentSpot": 24800,
        "deltaContribution": 333.3167864913366,
        "difference": 629.3834368988682,
        "extrinsicValueContribution": 0,
        "formula": "110.00 (current PE premium) + 333.32 (Delta × -824.34 spot change) + 349.52 (½ × Gamma × spot change²) + 0.00 (Theta × elapsed days) + 0.00 (Vega × ΔIV) − 53.45 (full repricing adjustment — Black-Scholes reval vs. Delta+Gamma attribution) = 739.38",
        "gammaContribution": 349.51564661145414,
        "intrinsicValueContribution": 739.3834368988682,
        "ivContribution": 0,
        "modelUsed": "black-scholes-merton",
        "optionType": "PE",
        "pricingMode": "snapshot",
        "scenario": "lower",
        "spotDifference": -824.3442079317865,
        "strike": 24800,
        "thetaContribution": -0,
        "timeToExpiryDays": 20,
        "vegaContribution": 0,
      },
      {
        "appliedTheta": -0,
        "appliedVega": 0,
        "calculatedPremium": 836.8146004910122,
        "calculatedSpot": 23975.655792068213,
        "currentGreeks": {
          "delta": -0.62,
          "gamma": 0.0009,
          "theta": -9,
          "vega": 18,
        },
        "currentIV": 6.138195498287677,
        "currentPremium": 148,
        "currentSpot": 24800,
        "deltaContribution": 420.3945292860346,
        "difference": 688.8146004910122,
        "extrinsicValueContribution": 0,
        "formula": "148.00 (current PE premium) + 420.39 (Delta × -824.34 spot change) + 380.28 (½ × Gamma × spot change²) + 0.00 (Theta × elapsed days) + 0.00 (Vega × ΔIV) − 111.86 (full repricing adjustment — Black-Scholes reval vs. Delta+Gamma attribution) = 836.81",
        "gammaContribution": 380.27740283120437,
        "intrinsicValueContribution": 836.8146004910122,
        "ivContribution": 0,
        "modelUsed": "black-scholes-merton",
        "optionType": "PE",
        "pricingMode": "snapshot",
        "scenario": "lower",
        "spotDifference": -824.3442079317865,
        "strike": 24900,
        "thetaContribution": -0,
        "timeToExpiryDays": 20,
        "vegaContribution": 0,
      },
      {
        "appliedTheta": -0,
        "appliedVega": 0,
        "calculatedPremium": 935.7097364472393,
        "calculatedSpot": 23975.655792068213,
        "currentGreeks": {
          "delta": -0.72,
          "gamma": 0.0007,
          "theta": -7,
          "vega": 15,
        },
        "currentIV": 5.826510654389859,
        "currentPremium": 198,
        "currentSpot": 24800,
        "deltaContribution": 515.9402106752146,
        "difference": 737.7097364472393,
        "extrinsicValueContribution": 0,
        "formula": "198.00 (current PE premium) + 515.94 (Delta × -824.34 spot change) + 380.63 (½ × Gamma × spot change²) + 0.00 (Theta × elapsed days) + 0.00 (Vega × ΔIV) − 158.86 (full repricing adjustment — Black-Scholes reval vs. Delta+Gamma attribution) = 935.71",
        "gammaContribution": 380.62645092181333,
        "intrinsicValueContribution": 935.7097364472393,
        "ivContribution": 0,
        "modelUsed": "black-scholes-merton",
        "optionType": "PE",
        "pricingMode": "snapshot",
        "scenario": "lower",
        "spotDifference": -824.3442079317865,
        "strike": 25000,
        "thetaContribution": -0,
        "timeToExpiryDays": 20,
        "vegaContribution": 0,
      },
    ],
    "scenario": "lower",
  },
  "underlying": {
    "calculatedLowerLevel": 23975.655792068213,
    "calculatedUpperLevel": 25624.344207931787,
    "currentSpot": 24800,
    "lastCalculatedAt": "<timestamp>",
    "underlyingLabel": "NIFTY 50",
  },
  "upperScenario": {
    "calculatedSpot": 25624.344207931787,
    "ce": [
      {
        "appliedTheta": -0,
        "appliedVega": 0,
        "calculatedPremium": 1147.0313619293884,
        "calculatedSpot": 25624.344207931787,
        "currentGreeks": {
          "delta": 0.72,
          "gamma": 0.0007,
          "theta": -7,
          "vega": 15,
        },
        "currentIV": 14.2,
        "currentPremium": 195,
        "currentSpot": 24800,
        "deltaContribution": 530.3243222872763,
        "difference": 952.0313619293884,
        "extrinsicValueContribution": 122.68715399760185,
        "formula": "195.00 (current CE premium) + 530.32 (Delta × 824.34 spot change) + 153.70 (½ × Gamma × spot change²) + 0.00 (Theta × elapsed days) + 0.00 (Vega × ΔIV) + 268.00 (full repricing adjustment — Black-Scholes reval vs. Delta+Gamma attribution) = 1147.03",
        "gammaContribution": 153.7029398366039,
        "intrinsicValueContribution": 1024.3442079317865,
        "ivContribution": 0,
        "modelUsed": "black-scholes-merton",
        "optionType": "CE",
        "pricingMode": "snapshot",
        "scenario": "upper",
        "spotDifference": 824.3442079317865,
        "strike": 24600,
        "thetaContribution": -0,
        "timeToExpiryDays": 20,
        "vegaContribution": 0,
      },
      {
        "appliedTheta": -0,
        "appliedVega": 0,
        "calculatedPremium": 1057.804869385047,
        "calculatedSpot": 25624.344207931787,
        "currentGreeks": {
          "delta": 0.62,
          "gamma": 0.0009,
          "theta": -9,
          "vega": 18,
        },
        "currentIV": 14.2,
        "currentPremium": 145,
        "currentSpot": 24800,
        "deltaContribution": 492.04870915460305,
        "difference": 912.8048693850469,
        "extrinsicValueContribution": 133.4606614532604,
        "formula": "145.00 (current CE premium) + 492.05 (Delta × 824.34 spot change) + 159.56 (½ × Gamma × spot change²) + 0.00 (Theta × elapsed days) + 0.00 (Vega × ΔIV) + 261.20 (full repricing adjustment — Black-Scholes reval vs. Delta+Gamma attribution) = 1057.80",
        "gammaContribution": 159.55848490350715,
        "intrinsicValueContribution": 924.3442079317865,
        "ivContribution": 0,
        "modelUsed": "black-scholes-merton",
        "optionType": "CE",
        "pricingMode": "snapshot",
        "scenario": "upper",
        "spotDifference": 824.3442079317865,
        "strike": 24700,
        "thetaContribution": -0,
        "timeToExpiryDays": 20,
        "vegaContribution": 0,
      },
      {
        "appliedTheta": -0,
        "appliedVega": 0,
        "calculatedPremium": 912.5158650963094,
        "calculatedSpot": 25624.344207931787,
        "currentGreeks": {
          "delta": 0.5,
          "gamma": 0.001,
          "theta": -11,
          "vega": 20,
        },
        "currentIV": 2.8925150394439694,
        "currentPremium": 120,
        "currentSpot": 24800,
        "deltaContribution": 578.474973469199,
        "difference": 792.5158650963094,
        "extrinsicValueContribution": 88.17165716452291,
        "formula": "120.00 (current CE premium) + 578.47 (Delta × 824.34 spot change) + 701.68 (½ × Gamma × spot change²) + 0.00 (Theta × elapsed days) + 0.00 (Vega × ΔIV) − 487.64 (full repricing adjustment — Black-Scholes reval vs. Delta+Gamma attribution) = 912.52",
        "gammaContribution": 701.6820601386607,
        "intrinsicValueContribution": 824.3442079317865,
        "ivContribution": 0,
        "modelUsed": "black-scholes-merton",
        "optionType": "CE",
        "pricingMode": "snapshot",
        "scenario": "upper",
        "spotDifference": 824.3442079317865,
        "strike": 24800,
        "thetaContribution": -0,
        "timeToExpiryDays": 20,
        "vegaContribution": 0,
      },
      {
        "appliedTheta": -0,
        "appliedVega": 0,
        "calculatedPremium": 812.9071450319607,
        "calculatedSpot": 25624.344207931787,
        "currentGreeks": {
          "delta": 0.38,
          "gamma": 0.0009,
          "theta": -9,
          "vega": 18,
        },
        "currentIV": 4.2145349234342575,
        "currentPremium": 92,
        "currentSpot": 24800,
        "deltaContribution": 398.3806539070569,
        "difference": 720.9071450319607,
        "extrinsicValueContribution": 88.56293710017417,
        "formula": "92.00 (current CE premium) + 398.38 (Delta × 824.34 spot change) + 553.54 (½ × Gamma × spot change²) + 0.00 (Theta × elapsed days) + 0.00 (Vega × ΔIV) − 231.01 (full repricing adjustment — Black-Scholes reval vs. Delta+Gamma attribution) = 812.91",
        "gammaContribution": 553.5351937405734,
        "intrinsicValueContribution": 724.3442079317865,
        "ivContribution": 0,
        "modelUsed": "black-scholes-merton",
        "optionType": "CE",
        "pricingMode": "snapshot",
        "scenario": "upper",
        "spotDifference": 824.3442079317865,
        "strike": 24900,
        "thetaContribution": -0,
        "timeToExpiryDays": 20,
        "vegaContribution": 0,
      },
      {
        "appliedTheta": -0,
        "appliedVega": 0,
        "calculatedPremium": 713.6633557026471,
        "calculatedSpot": 25624.344207931787,
        "currentGreeks": {
          "delta": 0.28,
          "gamma": 0.0007,
          "theta": -6,
          "vega": 15,
        },
        "currentIV": 4.6803861439228065,
        "currentPremium": 62,
        "currentSpot": 24800,
        "deltaContribution": 283.27209091942734,
        "difference": 651.6633557026471,
        "extrinsicValueContribution": 89.31914777086058,
        "formula": "62.00 (current CE premium) + 283.27 (Delta × 824.34 spot change) + 460.05 (½ × Gamma × spot change²) + 0.00 (Theta × elapsed days) + 0.00 (Vega × ΔIV) − 91.66 (full repricing adjustment — Black-Scholes reval vs. Delta+Gamma attribution) = 713.66",
        "gammaContribution": 460.0492342883318,
        "intrinsicValueContribution": 624.3442079317865,
        "ivContribution": 0,
        "modelUsed": "black-scholes-merton",
        "optionType": "CE",
        "pricingMode": "snapshot",
        "scenario": "upper",
        "spotDifference": 824.3442079317865,
        "strike": 25000,
        "thetaContribution": -0,
        "timeToExpiryDays": 20,
        "vegaContribution": 0,
      },
    ],
    "currentSpot": 24800,
    "pe": [
      {
        "appliedTheta": -0,
        "appliedVega": 0,
        "calculatedPremium": 0.10396681334874103,
        "calculatedSpot": 25624.344207931787,
        "currentGreeks": {
          "delta": -0.28,
          "gamma": 0.0007,
          "theta": -6,
          "vega": 15,
        },
        "currentIV": 6.154233390092848,
        "currentPremium": 42,
        "currentSpot": 24800,
        "deltaContribution": -170.72513046843125,
        "difference": -41.89603318665126,
        "extrinsicValueContribution": 0.10396681334874103,
        "formula": "42.00 (current PE premium) − 170.73 (Delta × 824.34 spot change) + 271.85 (½ × Gamma × spot change²) + 0.00 (Theta × elapsed days) + 0.00 (Vega × ΔIV) − 143.02 (full repricing adjustment — Black-Scholes reval vs. Delta+Gamma attribution) = 0.10",
        "gammaContribution": 271.85256498077916,
        "intrinsicValueContribution": 0,
        "ivContribution": 0,
        "modelUsed": "black-scholes-merton",
        "optionType": "PE",
        "pricingMode": "snapshot",
        "scenario": "upper",
        "spotDifference": 824.3442079317865,
        "strike": 24600,
        "thetaContribution": -0,
        "timeToExpiryDays": 20,
        "vegaContribution": 0,
      },
      {
        "appliedTheta": -0,
        "appliedVega": 0,
        "calculatedPremium": 0.29170982796182443,
        "calculatedSpot": 25624.344207931787,
        "currentGreeks": {
          "delta": -0.38,
          "gamma": 0.0009,
          "theta": -8,
          "vega": 18,
        },
        "currentIV": 6.183932913839817,
        "currentPremium": 68,
        "currentSpot": 24800,
        "deltaContribution": -245.01386714910268,
        "difference": -67.70829017203818,
        "extrinsicValueContribution": 0.29170982796182443,
        "formula": "68.00 (current PE premium) − 245.01 (Delta × 824.34 spot change) + 327.69 (½ × Gamma × spot change²) + 0.00 (Theta × elapsed days) + 0.00 (Vega × ΔIV) − 150.38 (full repricing adjustment — Black-Scholes reval vs. Delta+Gamma attribution) = 0.29",
        "gammaContribution": 327.6881699548451,
        "intrinsicValueContribution": 0,
        "ivContribution": 0,
        "modelUsed": "black-scholes-merton",
        "optionType": "PE",
        "pricingMode": "snapshot",
        "scenario": "upper",
        "spotDifference": 824.3442079317865,
        "strike": 24700,
        "thetaContribution": -0,
        "timeToExpiryDays": 20,
        "vegaContribution": 0,
      },
      {
        "appliedTheta": -0,
        "appliedVega": 0,
        "calculatedPremium": 1.0785221340939302,
        "calculatedSpot": 25624.344207931787,
        "currentGreeks": {
          "delta": -0.5,
          "gamma": 0.001,
          "theta": -10,
          "vega": 20,
        },
        "currentIV": 6.487542943656445,
        "currentPremium": 110,
        "currentSpot": 24800,
        "deltaContribution": -333.3167864913366,
        "difference": -108.92147786590607,
        "extrinsicValueContribution": 1.0785221340939302,
        "formula": "110.00 (current PE premium) − 333.32 (Delta × 824.34 spot change) + 349.52 (½ × Gamma × spot change²) + 0.00 (Theta × elapsed days) + 0.00 (Vega × ΔIV) − 125.12 (full repricing adjustment — Black-Scholes reval vs. Delta+Gamma attribution) = 1.08",
        "gammaContribution": 349.51564661145414,
        "intrinsicValueContribution": 0,
        "ivContribution": 0,
        "modelUsed": "black-scholes-merton",
        "optionType": "PE",
        "pricingMode": "snapshot",
        "scenario": "upper",
        "spotDifference": 824.3442079317865,
        "strike": 24800,
        "thetaContribution": -0,
        "timeToExpiryDays": 20,
        "vegaContribution": 0,
      },
      {
        "appliedTheta": -0,
        "appliedVega": 0,
        "calculatedPremium": 1.5627803594089755,
        "calculatedSpot": 25624.344207931787,
        "currentGreeks": {
          "delta": -0.62,
          "gamma": 0.0009,
          "theta": -9,
          "vega": 18,
        },
        "currentIV": 6.138195498287677,
        "currentPremium": 148,
        "currentSpot": 24800,
        "deltaContribution": -420.3945292860346,
        "difference": -146.43721964059102,
        "extrinsicValueContribution": 1.5627803594089755,
        "formula": "148.00 (current PE premium) − 420.39 (Delta × 824.34 spot change) + 380.28 (½ × Gamma × spot change²) + 0.00 (Theta × elapsed days) + 0.00 (Vega × ΔIV) − 106.32 (full repricing adjustment — Black-Scholes reval vs. Delta+Gamma attribution) = 1.56",
        "gammaContribution": 380.27740283120437,
        "intrinsicValueContribution": 0,
        "ivContribution": 0,
        "modelUsed": "black-scholes-merton",
        "optionType": "PE",
        "pricingMode": "snapshot",
        "scenario": "upper",
        "spotDifference": 824.3442079317865,
        "strike": 24900,
        "thetaContribution": -0,
        "timeToExpiryDays": 20,
        "vegaContribution": 0,
      },
      {
        "appliedTheta": -0,
        "appliedVega": 0,
        "calculatedPremium": 2.422321274464764,
        "calculatedSpot": 25624.344207931787,
        "currentGreeks": {
          "delta": -0.72,
          "gamma": 0.0007,
          "theta": -7,
          "vega": 15,
        },
        "currentIV": 5.826510654389859,
        "currentPremium": 198,
        "currentSpot": 24800,
        "deltaContribution": -515.9402106752146,
        "difference": -195.57767872553524,
        "extrinsicValueContribution": 2.422321274464764,
        "formula": "198.00 (current PE premium) − 515.94 (Delta × 824.34 spot change) + 380.63 (½ × Gamma × spot change²) + 0.00 (Theta × elapsed days) + 0.00 (Vega × ΔIV) − 60.26 (full repricing adjustment — Black-Scholes reval vs. Delta+Gamma attribution) = 2.42",
        "gammaContribution": 380.62645092181333,
        "intrinsicValueContribution": 0,
        "ivContribution": 0,
        "modelUsed": "black-scholes-merton",
        "optionType": "PE",
        "pricingMode": "snapshot",
        "scenario": "upper",
        "spotDifference": 824.3442079317865,
        "strike": 25000,
        "thetaContribution": -0,
        "timeToExpiryDays": 20,
        "vegaContribution": 0,
      },
    ],
    "scenario": "upper",
  },
}
`;

exports[`runCalculationEngine — golden snapshot regression > manual entry, no live Greeks/IV — straddle-fallback expected range, no scenario legs 1`] = `
{
  "lowerScenario": {
    "calculatedSpot": 24570,
    "ce": [],
    "currentSpot": 24800,
    "pe": [],
    "scenario": "lower",
  },
  "underlying": {
    "calculatedLowerLevel": 24570,
    "calculatedUpperLevel": 25030,
    "currentSpot": 24800,
    "lastCalculatedAt": "<timestamp>",
    "underlyingLabel": "NIFTY 50",
  },
  "upperScenario": {
    "calculatedSpot": 25030,
    "ce": [],
    "currentSpot": 24800,
    "pe": [],
    "scenario": "upper",
  },
}
`;
